[backblue.gif]
[fade.gif]
[index.html]
[19115.tel/logo/19115w.png]
[19115.tel/index.html]
[19115.tel/s0.webproxy.nic.tel/common/js/search/searchControlScript.js]
[19115.tel/logo/19115.png]
[19115.tel/logo/bar.png]
[19115.tel/icons/location.png]
[19115.tel/icons/whatsapp.png]
[19115.tel/icons/jobs.png]
[19115.tel/icons/phone3.png]
[19115.tel/icons/phone2.png]
[19115.tel/icons/branches.png]
[19115.tel/icons/facebook.png]
[19115.tel/icons/English.png]
[19115.tel/icons/eHotline.png]
[19115.tel/Fayroz Pharmacies.vcf]
[19115.tel/icons/vcard.png]
[19115.tel/m/eHotline.html]
[19115.tel/icons/share.png]
[19115.tel/logo/hp.png]
[19115.tel/s1.webproxy.nic.tel/eHotline.png]
[19115.tel/icons/phone2v.png]
[19115.tel/icons/phone.png]
[19115.tel/s1.webproxy.nic.tel/desktop/js/global.js]
[19115.tel/s1.webproxy.nic.tel/desktop/js/ui/init.js]
[19115.tel/s1.webproxy.nic.tel/common/js/ui/util.js]
[19115.tel/w/eHotline.html]
[19115.tel/s0.webproxy.nic.tel/smartphone/css/corenew3.css]
[19115.tel/s0.webproxy.nic.tel/smartphone/css/smartphone-icons1.css]
[19115.tel/s0.webproxy.nic.tel/common/css/orientation.css]
[19115.tel/s0.webproxy.nic.tel/smartphone/images/smartphone-icons-basic-purple.png]
[19115.tel/web/Adv/js/bootstrap.js]
[19115.tel/web/Adv/js/jquery.min.js]
[19115.tel/web/Adv/images/logo.png]
[19115.tel/web/Adv/images/1.png]
[19115.tel/web/Adv/images/jobs.png]
[19115.tel/web/Adv/js/lightbox-plus-jquery.min.js]
[19115.tel/web/Adv/images/home.png]
[19115.tel/web/Adv/images/eHotline.png]
[19115.tel/web/Adv/images/share.png]
[19115.tel/web/Adv/index1.html]
[19115.tel/icons/pharmacies.png]
[19115.tel/m/Branches.html]
[19115.tel/Logos/1.jpg]
[19115.tel/Logos/2.jpg]
[19115.tel/Logos/3.jpg]
[19115.tel/Logos/4.jpg]
[19115.tel/Logos/5.jpg]
[19115.tel/Logos/6.jpg]
[19115.tel/Logos/7.jpg]
[19115.tel/Logos/8.jpg]
[19115.tel/Logos/9.jpg]
[19115.tel/Logos/10.jpg]
[19115.tel/Logos/11.jpg]
[19115.tel/Logos/12.jpg]
[19115.tel/Logos/13.jpg]
[19115.tel/Logos/14.jpg]
[19115.tel/Logos/15.png]
[19115.tel/Logos/16.jpg]
[19115.tel/Logos/17.jpg]
[19115.tel/Logos/18.jpg]
[19115.tel/Logos/19.jpg]
[19115.tel/Logos/20.jpg]
[19115.tel/icons/home.png]
[19115.tel/m/Contracting.html]
[19115.tel/icons/Arabic.png]
[19115.tel/m/eHotline1.html]
[19115.tel/icons/twitter.png]
[19115.tel/icons/Googleplus.png]
[19115.tel/icons/linkedin.png]
[19115.tel/icons/email.png]
[19115.tel/icons/yahoomail.png]
[19115.tel/icons/messenger.png]
[19115.tel/icons/viber.png]
[19115.tel/icons/skybe.png]
[19115.tel/icons/line.png]
[19115.tel/icons/telegram.png]
[19115.tel/icons/pinterest.png]
[19115.tel/icons/blogger.png]
[19115.tel/icons/tumblr.png]
[19115.tel/icons/digg.png]
[19115.tel/icons/buffer.png]
[19115.tel/icons/reddit.png]
[19115.tel/icons/Stumble.png]
[19115.tel/icons/vk.png]
[19115.tel/icons/yum.png]
[19115.tel/icons/livejournal.png]
[19115.tel/icons/myspace.png]
[19115.tel/icons/friendfeed.png]
[19115.tel/icons/newsvine.png]
[19115.tel/icons/evernote.png]
[19115.tel/icons/pocket.png]
[19115.tel/icons/flipboard.png]
[19115.tel/icons/insta.png]
[19115.tel/icons/okru.png]
[19115.tel/icons/douban.png]
[19115.tel/icons/baidu.png]
[19115.tel/icons/qzone.png]
[19115.tel/icons/xing.png]
[19115.tel/icons/renren.png]
[19115.tel/icons/weibo.png]
[19115.tel/m/eHotline-share.html]
[19115.tel/telhosting.name.com/openid/index.html]
[19115.tel/s1.webproxy.nic.tel/desktop/css/includes.css]
[19115.tel/s1.webproxy.nic.tel/desktop/images/default/gradient.png]
[19115.tel/s1.webproxy.nic.tel/desktop/images/default/button_go_arrows.png]
[19115.tel/s1.webproxy.nic.tel/desktop/images/default/horz_ads_top_bottom.png]
[19115.tel/s1.webproxy.nic.tel/desktop/images/default/icon_lock.png]
[19115.tel/s1.webproxy.nic.tel/desktop/images/default/right_sprites.png]
[19115.tel/s1.webproxy.nic.tel/desktop/images/default/vert_action_ctr.png]
[19115.tel/s1.webproxy.nic.tel/desktop/images/default/poweredby_dottel_small.png]
[19115.tel/s1.webproxy.nic.tel/desktop/images/default/poweredby_dottel.png]
[19115.tel/s1.webproxy.nic.tel/desktop/images/default/popup_top_gray.png]
[19115.tel/s1.webproxy.nic.tel/desktop/images/default/popup_ctr_gray.png]
[19115.tel/s1.webproxy.nic.tel/desktop/images/default/popup_bot_prpl.png]
[19115.tel/s1.webproxy.nic.tel/desktop/images/default/popup_bot_prpl_slim.png]
[19115.tel/s1.webproxy.nic.tel/desktop/images/default/logo_dotel2.png]
[19115.tel/s1.webproxy.nic.tel/desktop/images/default/logo_telfriends.png]
[19115.tel/s1.webproxy.nic.tel/desktop/images/default/logo_telfriends_shdw.png]
[19115.tel/s1.webproxy.nic.tel/desktop/images/default/separator.png]
[19115.tel/s1.webproxy.nic.tel/desktop/images/default/icon_print_small.png]
[19115.tel/s1.webproxy.nic.tel/desktop/images/default/icon_v-card_small.png]
[19115.tel/s1.webproxy.nic.tel/desktop/images/default/button_left.png]
[19115.tel/s1.webproxy.nic.tel/desktop/images/default/button_right.png]
[19115.tel/s1.webproxy.nic.tel/desktop/css/narrow.css]
[19115.tel/s1.webproxy.nic.tel/desktop/css/loader.html]
[19115.tel/web/Adv/index.html]
[19115.tel/w/Branches.html]
[19115.tel/w/Contracting.html]
[19115.tel/w/eHotline-Share.html]
[19115.tel/desktop/css/layout100-mac.html]
[19115.tel/s0.webproxy.nic.tel/smartphone/css/common.css]
[19115.tel/s0.webproxy.nic.tel/smartphone/images/icon_lock.html]
[19115.tel/s0.webproxy.nic.tel/desktop/images/common/vouchers-top.html]
[19115.tel/s0.webproxy.nic.tel/desktop/images/common/vouchers-mid.html]
[19115.tel/s0.webproxy.nic.tel/desktop/images/common/vouchers-bottom.html]
[19115.tel/s0.webproxy.nic.tel/smartphone/images/smartphone-icons-extended.png]
[19115.tel/s0.webproxy.nic.tel/smartphone/images/telchina/wangwang.png]
[19115.tel/s0.webproxy.nic.tel/smartphone/images/telchina/QQ.png]
[19115.tel/s0.webproxy.nic.tel/smartphone/images/telchina/kaixin.png]
[19115.tel/s0.webproxy.nic.tel/smartphone/images/telchina/Share.png]
[19115.tel/s0.webproxy.nic.tel/smartphone/images/telchina/eHotline.png]
[19115.tel/s0.webproxy.nic.tel/smartphone/images/telchina/vcard.png]
[19115.tel/s0.webproxy.nic.tel/smartphone/images/telchina/Home.png]
[19115.tel/s0.webproxy.nic.tel/smartphone/images/telchina/digg.png]
[19115.tel/s0.webproxy.nic.tel/smartphone/images/telchina/buffer.png]
[19115.tel/s0.webproxy.nic.tel/smartphone/images/telchina/Pinterest.png]
[19115.tel/s0.webproxy.nic.tel/smartphone/images/telchina/reddit.png]
[19115.tel/s0.webproxy.nic.tel/smartphone/images/telchina/StumbleUpon.png]
[19115.tel/s0.webproxy.nic.tel/smartphone/images/telchina/VK.png]
[19115.tel/s0.webproxy.nic.tel/smartphone/images/telchina/Yummly.png]
[19115.tel/s0.webproxy.nic.tel/smartphone/images/telchina/Arabic.png]
[19115.tel/s0.webproxy.nic.tel/smartphone/images/telchina/English.png]
[19115.tel/s0.webproxy.nic.tel/smartphone/images/telchina/Viber.png]
[19115.tel/s0.webproxy.nic.tel/smartphone/images/telchina/Skype.png]
[19115.tel/s0.webproxy.nic.tel/smartphone/images/telchina/Delicious.png]
[19115.tel/s0.webproxy.nic.tel/smartphone/images/telchina/Blogger.png]
[19115.tel/s0.webproxy.nic.tel/smartphone/images/telchina/LiveJournal.png]
[19115.tel/s0.webproxy.nic.tel/smartphone/images/telchina/MySpace.png]
[19115.tel/s0.webproxy.nic.tel/smartphone/images/telchina/Yahoo1.png]
[19115.tel/s0.webproxy.nic.tel/smartphone/images/telchina/FriendFeed.png]
[19115.tel/s0.webproxy.nic.tel/smartphone/images/telchina/NewsVine.png]
[19115.tel/s0.webproxy.nic.tel/smartphone/images/telchina/EverNote.png]
[19115.tel/s0.webproxy.nic.tel/smartphone/images/telchina/GetPocket.png]
[19115.tel/s0.webproxy.nic.tel/smartphone/images/telchina/FlipBoard.png]
[19115.tel/s0.webproxy.nic.tel/smartphone/images/telchina/InstaPaper.png]
[19115.tel/s0.webproxy.nic.tel/smartphone/images/telchina/Line.png]
[19115.tel/s0.webproxy.nic.tel/smartphone/images/telchina/Telegram.png]
[19115.tel/s0.webproxy.nic.tel/smartphone/images/telchina/OKru.png]
[19115.tel/s0.webproxy.nic.tel/smartphone/images/telchina/douban1.png]
[19115.tel/s0.webproxy.nic.tel/smartphone/images/telchina/Baidu.png]
[19115.tel/s0.webproxy.nic.tel/smartphone/images/telchina/QZone.png]
[19115.tel/s0.webproxy.nic.tel/smartphone/images/telchina/Xing.png]
[19115.tel/s0.webproxy.nic.tel/smartphone/images/telchina/renren1.png]
[19115.tel/s0.webproxy.nic.tel/smartphone/images/telchina/Weibo.png]
[19115.tel/s0.webproxy.nic.tel/smartphone/images/telchina/Messenger.png]
[19115.tel/s0.webproxy.nic.tel/smartphone/css/smartphone-icons-common.css]
[19115.tel/web/Adv/fonts/glyphicons-halflings-regular.woff]
[19115.tel/web/Adv/css/bootstrap.css]
[19115.tel/web/Adv/fonts/OpenSans-Regular.ttf]
[19115.tel/web/Adv/fonts/Play-Bold.ttf]
[19115.tel/web/Adv/fonts/Play-Regular.ttf]
[19115.tel/web/Adv/css/style.css]
[19115.tel/web/Adv/images/close.png]
[19115.tel/web/Adv/images/prev.png]
[19115.tel/web/Adv/images/next.png]
[19115.tel/web/Adv/css/lightbox.css]
[19115.tel/m/jobs.html]
[19115.tel/s0.webproxy.nic.tel/smartphone/css/corenew2.css]
[19115.tel/icons/phone3o.png]
[19115.tel/icons/phone2e.png]
[19115.tel/m/El-Maadi.html]
[19115.tel/m/El-Yasmine.html]
[19115.tel/m/Faisal-1.html]
[19115.tel/m/Al-Oroba.html]
[19115.tel/m/Hadaek-El-Ahram.html]
[19115.tel/m/Faisal-2.html]
[19115.tel/m/Heliopolis.html]
[19115.tel/m/El-Harm-1.html]
[19115.tel/m/El-Harm-2.html]
[19115.tel/m/El-Harm-3.html]
[19115.tel/m/El-Marg.html]
[19115.tel/m/Shoubra.html]
[19115.tel/m/Abbas-El-Akkad.html]
[19115.tel/m/Muhandisin.html]
[19115.tel/m/El-Fayoum-1.html]
[19115.tel/m/El-Fayoum-2.html]
[19115.tel/m/El-Fayoum-3.html]
[19115.tel/m/El-Fayoum-4.html]
[19115.tel/m/El-Fayoum-5.html]
[19115.tel/m/El-Fayoum-6.html]
[19115.tel/m/El-Fayoum-7.html]
[19115.tel/m/El-Fayoum-8.html]
[19115.tel/m/El-Fayoum-9.html]
[19115.tel/m/El-Fayoum-10.html]
[19115.tel/m/Tanta.html]
[19115.tel/icons/board.png]
[19115.tel/icons/gallery.png]
[19115.tel/w/eHotline1.html]
[19115.tel/w/eHotline-share-2.html]
[19115.tel/m/fb-messenger_/shareba2f.html]
[19115.tel/logo/adv.jpg]
[19115.tel/s1.webproxy.nic.tel/desktop/css/inc_callme.css]
[19115.tel/s1.webproxy.nic.tel/desktop/images/default/icon_callme.jpg]
[19115.tel/s1.webproxy.nic.tel/desktop/css/narrow-icons.css]
[19115.tel/s1.webproxy.nic.tel/desktop/css/adverts.css]
[19115.tel/w/jobs.html]
[19115.tel/s1.webproxy.nic.tel/favicon_tel.html]
[19115.tel/w/El-Maadi.html]
[19115.tel/s1.webproxy.nic.tel/desktop/images/default/databox_line_grey.png]
[19115.tel/w/El-Yasmine.html]
[19115.tel/w/Faisal-1.html]
[19115.tel/w/Al-Oroba.html]
[19115.tel/w/Hadaek-El-Ahram.html]
[19115.tel/w/Faisal-2.html]
[19115.tel/w/Heliopolis.html]
[19115.tel/w/El-Harm-1.html]
[19115.tel/w/El-Harm-2.html]
[19115.tel/w/El-Harm-3.html]
[19115.tel/w/El-Marg.html]
[19115.tel/w/Shoubra.html]
[19115.tel/w/Abbas-El-Akkad.html]
[19115.tel/w/Muhandisin.html]
[19115.tel/w/El-Fayoum-1.html]
[19115.tel/w/El-Fayoum-2.html]
[19115.tel/w/El-Fayoum-3.html]
[19115.tel/w/El-Fayoum-4.html]
[19115.tel/w/El-Fayoum-5.html]
[19115.tel/w/El-Fayoum-6.html]
[19115.tel/w/El-Fayoum-7.html]
[19115.tel/w/El-Fayoum-8.html]
[19115.tel/w/El-Fayoum-9.html]
[19115.tel/w/El-Fayoum-10.html]
[19115.tel/w/Tanta.html]
[19115.tel/m/eHotline-Share-2.html]
[19115.tel/icons/googleplus.html]
[19115.tel/w/fb-messenger_/shareba2f.html]
[19115.tel/s0.webproxy.nic.tel/smartphone/images/telchina/douban.html]
[19115.tel/s0.webproxy.nic.tel/smartphone/images/telchina/fetion.html]
[19115.tel/s0.webproxy.nic.tel/smartphone/images/telchina/renren.html]
[19115.tel/s0.webproxy.nic.tel/smartphone/images/telchina/sina.html]
[19115.tel/s0.webproxy.nic.tel/smartphone/images/telchina/t_sina.html]
[19115.tel/s0.webproxy.nic.tel/smartphone/images/telchina/taobao.html]
[19115.tel/s0.webproxy.nic.tel/smartphone/images/telchina/Makkah.html]
[19115.tel/s0.webproxy.nic.tel/smartphone/images/telchina/Headquarter.html]
[19115.tel/s0.webproxy.nic.tel/smartphone/images/telchina/Muharraq.html]
[19115.tel/s0.webproxy.nic.tel/smartphone/images/telchina/Website.html]
[19115.tel/s0.webproxy.nic.tel/smartphone/images/telchina/Hotel.html]
[19115.tel/s0.webproxy.nic.tel/smartphone/images/telchina/Requirements.html]
[19115.tel/s0.webproxy.nic.tel/smartphone/images/telchina/Registration.html]
[19115.tel/s0.webproxy.nic.tel/smartphone/images/telchina/Madinah.html]
[19115.tel/web/Adv/fonts/glyphicons-halflings-regular.html]
[19115.tel/web/Adv/fonts/glyphicons-halflings-regulard41dd41d.html]
[19115.tel/web/Adv/fonts/glyphicons-halflings-regular-2.html]
[19115.tel/web/Adv/fonts/glyphicons-halflings-regular-3.html]
[19115.tel/web/Adv/fonts/glyphicons-halflings-regular-4.html]
[19115.tel/web/Adv/images/social.html]
[19115.tel/web/Adv/images/search1.html]
[19115.tel/web/Adv/images/bnr3.html]
[19115.tel/web/Adv/images/bnr2.html]
[19115.tel/web/Adv/images/pst1.html]
[19115.tel/web/Adv/images/icon3.html]
[19115.tel/web/Adv/images/iconsprite.html]
[19115.tel/web/Adv/images/find.html]
[19115.tel/web/Adv/images/menu.html]
[19115.tel/web/Adv/images/loading.html]
[19115.tel/s1.webproxy.nic.tel/desktop/images/default/icons-basic-green.png]
[19115.tel/s1.webproxy.nic.tel/desktop/css/icons2.css]
[19115.tel/s1.webproxy.nic.tel/desktop/images/common/vouchers-top.html]
[19115.tel/s1.webproxy.nic.tel/desktop/images/common/vouchers-mid.html]
[19115.tel/s1.webproxy.nic.tel/desktop/images/common/vouchers-mid-2.html]
[19115.tel/s1.webproxy.nic.tel/desktop/images/common/vouchers-bottom.html]
[19115.tel/m/Faisal1.html]
[19115.tel/m/Faisal2.html]
[19115.tel/s1.webproxy.nic.tel/desktop/images/default/icons-basic-purple.png]
[19115.tel/s1.webproxy.nic.tel/desktop/images/default/icons-extended.png]
[19115.tel/s1.webproxy.nic.tel/desktop/css/icons.css]
[19115.tel/s1.webproxy.nic.tel/desktop/css/icons-ie6.css]
[19115.tel/s1.webproxy.nic.tel/desktop/images/telchina/douban.html]
[19115.tel/s1.webproxy.nic.tel/desktop/images/telchina/fetion.html]
[19115.tel/s1.webproxy.nic.tel/desktop/images/telchina/kaixin.html]
[19115.tel/s1.webproxy.nic.tel/desktop/images/telchina/renren.html]
[19115.tel/s1.webproxy.nic.tel/desktop/images/telchina/sina.html]
[19115.tel/s1.webproxy.nic.tel/desktop/images/telchina/t_sina.html]
[19115.tel/s1.webproxy.nic.tel/desktop/images/telchina/taobao.html]
[19115.tel/s1.webproxy.nic.tel/desktop/images/telchina/QQ.html]
[19115.tel/s1.webproxy.nic.tel/desktop/images/telchina/wangwang.html]
